// Jest Snapshot v1, https://goo.gl/fbAQLP

exports[`PokemonOptions Component debe de hacer match con el snapshot 1`] = `
<div class="options-container">
  <ul>
    <li>charmander</li>
    <li>charmeleon</li>
    <li>charizard</li>
    <li>squirtle</li>
  </ul>
</div>
`;
